../Core/Src/main.c:194:5:main	1096	static
../Core/Src/main.c:448:6:SystemClock_Config	96	static
../Core/Src/main.c:504:13:MX_I2C1_Init	8	static
../Core/Src/main.c:552:13:MX_RTC_Init	32	static
../Core/Src/main.c:643:13:MX_USART2_UART_Init	8	static
../Core/Src/main.c:676:13:MX_DMA_Init	16	static
../Core/Src/main.c:694:13:MX_GPIO_Init	48	static
../Core/Src/main.c:778:5:_write	24	static
../Core/Src/main.c:786:9:add_data_to_buff	96	static
../Core/Src/main.c:816:9:add_time_to_buff	64	static
../Core/Src/main.c:851:6:Timer_On	8	static
../Core/Src/main.c:857:10:Timer_Status	8	static
../Core/Src/main.c:863:10:readIMUFifoBuffer	56	static
../Core/Src/main.c:923:6:process_and_save_ImuReadings	40	static
../Core/Src/main.c:992:6:enterStandbyMode	8	static
../Core/Src/main.c:1016:6:HAL_I2C_MemRxCpltCallback	16	static
../Core/Src/main.c:1022:6:HAL_I2C_ErrorCallback	16	static
../Core/Src/main.c:1027:6:HAL_RTCEx_WakeUpTimerEventCallback	16	static
../Core/Src/main.c:1038:6:HAL_GPIO_EXTI_Callback	16	static
../Core/Src/main.c:1058:6:Error_Handler	4	static,ignoring_inline_asm
